// Jest Snapshot v1, https://goo.gl/fbAQLP

exports[`ForecastSummary renders the correct date, temperature, description and icon props 1`] = `
<DocumentFragment>
  <div
    class="forecast-summary"
    data-testid="forecast-summary"
  >
    <div
      class="forecast-summary_date"
    >
      Thu 1st Jan
    </div>
    <div
      class="forecast-summary_icon"
      data-testid="forecast-icon"
    >
      <i
        class="wi wi-day-sunny"
        name="owm"
      />
    </div>
    <div
      class="forecast-summary_temperature"
    >
      22Â°C
    </div>
    <div
      class="forecast-summary_description"
    >
      stub description
    </div>
    <button
      type="button"
    >
      More details
    </button>
  </div>
</DocumentFragment>
`;
